#
# There is insufficient memory for the Java Runtime Environment to continue.
# Native memory allocation (mmap) failed to map 132120576 bytes. Error detail: G1 virtual space
# Possible reasons:
#   The system is out of physical RAM or swap space
#   This process is running with CompressedOops enabled, and the Java Heap may be blocking the growth of the native heap
# Possible solutions:
#   Reduce memory load on the system
#   Increase physical memory or swap space
#   Check if swap backing store is full
#   Decrease Java heap size (-Xmx/-Xms)
#   Decrease number of Java threads
#   Decrease Java thread stack sizes (-Xss)
#   Set larger code cache with -XX:ReservedCodeCacheSize=
#   JVM is running with Unscaled Compressed Oops mode in which the Java heap is
#     placed in the first 4GB address space. The Java Heap base address is the
#     maximum limit for the native heap growth. Please use -XX:HeapBaseMinAddress
#     to set the Java Heap base and to place the Java Heap above 4GB virtual address.
# This output file may be truncated or incomplete.
#
#  Out of Memory Error (os_windows.cpp:3690), pid=10532, tid=29772
#
# JRE version:  (17.0.18+8) (build )
# Java VM: OpenJDK 64-Bit Server VM (17.0.18+8-LTS, mixed mode, sharing, tiered, compressed oops, compressed class ptrs, g1 gc, windows-amd64)
# No core dump will be written. Minidumps are not enabled by default on client versions of Windows
#

---------------  S U M M A R Y ------------

Command Line: -agentlib:jdwp=transport=dt_socket,address=127.0.0.1:53602,suspend=y,server=n -javaagent:C:\Users\lemos\AppData\Local\JetBrains\IntelliJIdea2025.3\captureAgent\debugger-agent.jar=file:///C:/Users/lemos/AppData/Local/Temp/capture18281327168470553239.props -Dkotlinx.coroutines.debug.enable.creation.stack.trace=false -Ddebugger.agent.enable.coroutines=true -Dkotlinx.coroutines.debug.enable.flows.stack.trace=true -Dkotlinx.coroutines.debug.enable.mutable.state.flows.stack.trace=true -Ddebugger.async.stack.trace.for.all.threads=true -Dfile.encoding=UTF-8 br.com.digidatasistemas.starterPackage.StarterPackageApplication

Host: Intel(R) Core(TM) i5-1035G1 CPU @ 1.00GHz, 8 cores, 7G,  Windows 11 , 64 bit Build 26100 (10.0.26100.8328)
Time: Thu Jun  4 09:03:31 2026 Hora oficial do Brasil elapsed time: 2.046037 seconds (0d 0h 0m 2s)

---------------  T H R E A D  ---------------

Current thread (0x00000239eb24a800):  JavaThread "Unknown thread" [_thread_in_vm, id=29772, stack(0x000000d654600000,0x000000d654700000)]

Stack: [0x000000d654600000,0x000000d654700000]
Native frames: (J=compiled Java code, j=interpreted, Vv=VM code, C=native code)
V  [jvm.dll+0x68c879]  (no source info available)
V  [jvm.dll+0x845979]  (no source info available)
V  [jvm.dll+0x8476e8]  (no source info available)
V  [jvm.dll+0x847d73]  (no source info available)
V  [jvm.dll+0x24cf6f]  (no source info available)
V  [jvm.dll+0x68bc79]  (no source info available)
V  [jvm.dll+0x68023a]  (no source info available)
V  [jvm.dll+0x3101a0]  (no source info available)
V  [jvm.dll+0x310042]  (no source info available)
V  [jvm.dll+0x317599]  (no source info available)
V  [jvm.dll+0x369999]  (no source info available)
V  [jvm.dll+0x369bcd]  (no source info available)
V  [jvm.dll+0x2e69aa]  (no source info available)
V  [jvm.dll+0x2e78b8]  (no source info available)
V  [jvm.dll+0x81871e]  (no source info available)
V  [jvm.dll+0x377601]  (no source info available)
V  [jvm.dll+0x7f6d65]  (no source info available)
V  [jvm.dll+0x3fd47b]  (no source info available)
V  [jvm.dll+0x3ff0b1]  (no source info available)
C  [jli.dll+0x52f0]  (no source info available)
C  [ucrtbase.dll+0x37b0]  (no source info available)
C  [KERNEL32.DLL+0x2e957]  (no source info available)
C  [ntdll.dll+0x427c]  (no source info available)


---------------  P R O C E S S  ---------------

Threads class SMR info:
_java_thread_list=0x00007ff877b56058, length=0, elements={
}

Java Threads: ( => current thread )

Other Threads:
  0x00000239eb261050 GCTaskThread "GC Thread#0" [stack: 0x000000d654700000,0x000000d654800000] [id=23716]
  0x00000239eb2b4ba0 ConcurrentGCThread "G1 Main Marker" [stack: 0x000000d654800000,0x000000d654900000] [id=31780]
  0x00000239e8f1e670 ConcurrentGCThread "G1 Conc#0" [stack: 0x000000d654900000,0x000000d654a00000] [id=18556]

[error occurred during error reporting (printing all threads), id 0xc0000005, EXCEPTION_ACCESS_VIOLATION (0xc0000005) at pc=0x00007ff8773074e7]

VM state: not at safepoint (not fully initialized)

VM Mutex/Monitor currently owned by a thread:  ([mutex/lock_event])
[0x00000239eb245430] Heap_lock - owner thread: 0x00000239eb24a800

Heap address: 0x0000000083a00000, size: 1990 MB, Compressed Oops mode: 32-bit

CDS archive(s) mapped at: [0x0000000000000000-0x0000000000000000-0x0000000000000000), size 0, SharedBaseAddress: 0x0000000800000000, ArchiveRelocationMode: 1.
Narrow klass base: 0x0000000000000000, Narrow klass shift: 0, Narrow klass range: 0x0

GC Precious Log:
<Empty>

Heap:
 garbage-first heap   total 0K, used 0K [0x0000000083a00000, 0x0000000100000000)
  region size 1024K, 0 young (0K), 0 survivors (0K)

[error occurred during error reporting (printing heap information), id 0xc0000005, EXCEPTION_ACCESS_VIOLATION (0xc0000005) at pc=0x00007ff8776f8929]

GC Heap History (0 events):
No events

Dll operation events (2 events):
Event: 0.020 Loaded shared library C:\Users\lemos\.jdks\ms-17.0.18\bin\java.dll
Event: 0.022 Loaded shared library C:\Users\lemos\.jdks\ms-17.0.18\bin\zip.dll

Deoptimization events (0 events):
No events

Classes loaded (0 events):
No events

Classes unloaded (0 events):
No events

Classes redefined (0 events):
No events

Internal exceptions (0 events):
No events

VM Operations (0 events):
No events

Memory protections (0 events):
No events

Nmethod flushes (0 events):
No events

Events (0 events):
No events


Dynamic libraries:
0x00007ff6fed90000 - 0x00007ff6fed9e000 	C:\Users\lemos\.jdks\ms-17.0.18\bin\java.exe
0x00007ff90de20000 - 0x00007ff90e087000 	C:\WINDOWS\SYSTEM32\ntdll.dll
0x00007ff90d5a0000 - 0x00007ff90d669000 	C:\WINDOWS\System32\KERNEL32.DLL
0x00007ff90b640000 - 0x00007ff90ba37000 	C:\WINDOWS\System32\KERNELBASE.dll
0x00007ff90b3b0000 - 0x00007ff90b4fb000 	C:\WINDOWS\System32\ucrtbase.dll
0x00007ff8e0e40000 - 0x00007ff8e0e58000 	C:\Users\lemos\.jdks\ms-17.0.18\bin\jli.dll
0x00007ff8e0e20000 - 0x00007ff8e0e3e000 	C:\Users\lemos\.jdks\ms-17.0.18\bin\VCRUNTIME140.dll
0x00007ff90c500000 - 0x00007ff90c6c6000 	C:\WINDOWS\System32\USER32.dll
0x00007ff90ba40000 - 0x00007ff90ba67000 	C:\WINDOWS\System32\win32u.dll
0x00007ff90d720000 - 0x00007ff90d74b000 	C:\WINDOWS\System32\GDI32.dll
0x00007ff8fe820000 - 0x00007ff8feab2000 	C:\WINDOWS\WinSxS\amd64_microsoft.windows.common-controls_6595b64144ccf1df_6.0.26100.8457_none_3e0b2faee331e92d\COMCTL32.dll
0x00007ff90ba70000 - 0x00007ff90bb9c000 	C:\WINDOWS\System32\gdi32full.dll
0x00007ff90bfb0000 - 0x00007ff90c059000 	C:\WINDOWS\System32\msvcrt.dll
0x00007ff90b300000 - 0x00007ff90b3a3000 	C:\WINDOWS\System32\msvcp_win.dll
0x00007ff90d8d0000 - 0x00007ff90d902000 	C:\WINDOWS\System32\IMM32.DLL
0x00007ff8ea7c0000 - 0x00007ff8ea7cc000 	C:\Users\lemos\.jdks\ms-17.0.18\bin\vcruntime140_1.dll
0x00007ff8a6de0000 - 0x00007ff8a6e69000 	C:\Users\lemos\.jdks\ms-17.0.18\bin\msvcp140.dll
0x00007ff877010000 - 0x00007ff877c8a000 	C:\Users\lemos\.jdks\ms-17.0.18\bin\server\jvm.dll
0x00007ff90d2c0000 - 0x00007ff90d376000 	C:\WINDOWS\System32\ADVAPI32.dll
0x00007ff90d670000 - 0x00007ff90d717000 	C:\WINDOWS\System32\sechost.dll
0x00007ff90d750000 - 0x00007ff90d868000 	C:\WINDOWS\System32\RPCRT4.dll
0x00007ff90c6d0000 - 0x00007ff90c750000 	C:\WINDOWS\System32\WS2_32.dll
0x00007ff90a6d0000 - 0x00007ff90a72e000 	C:\WINDOWS\SYSTEM32\POWRPROF.dll
0x00007ff8f9120000 - 0x00007ff8f9156000 	C:\WINDOWS\SYSTEM32\WINMM.dll
0x00007ff9038a0000 - 0x00007ff9038ab000 	C:\WINDOWS\SYSTEM32\VERSION.dll
0x00007ff90a6b0000 - 0x00007ff90a6c4000 	C:\WINDOWS\SYSTEM32\UMPDC.dll
0x00007ff9095b0000 - 0x00007ff9095cb000 	C:\WINDOWS\SYSTEM32\kernel.appcore.dll
0x00007ff8e9b80000 - 0x00007ff8e9b8a000 	C:\Users\lemos\.jdks\ms-17.0.18\bin\jimage.dll
0x00007ff9086e0000 - 0x00007ff908922000 	C:\WINDOWS\SYSTEM32\DBGHELP.DLL
0x00007ff90bc20000 - 0x00007ff90bfa3000 	C:\WINDOWS\System32\combase.dll
0x00007ff90c930000 - 0x00007ff90ca09000 	C:\WINDOWS\System32\OLEAUT32.dll
0x00007ff8ecfc0000 - 0x00007ff8ecffb000 	C:\WINDOWS\SYSTEM32\dbgcore.DLL
0x00007ff90b590000 - 0x00007ff90b638000 	C:\WINDOWS\System32\bcryptPrimitives.dll
0x00007ff8b0dc0000 - 0x00007ff8b0dfb000 	C:\Users\lemos\.jdks\ms-17.0.18\bin\jdwp.dll
0x00007ff8e6020000 - 0x00007ff8e602f000 	C:\Users\lemos\.jdks\ms-17.0.18\bin\instrument.dll
0x00007ff8d1c60000 - 0x00007ff8d1c86000 	C:\Users\lemos\.jdks\ms-17.0.18\bin\java.dll
0x00007ff8d0680000 - 0x00007ff8d0698000 	C:\Users\lemos\.jdks\ms-17.0.18\bin\zip.dll

dbghelp: loaded successfully - version: 4.0.5 - missing functions: none
symbol engine: initialized successfully - sym options: 0x614 - pdb path: .;C:\Users\lemos\.jdks\ms-17.0.18\bin;C:\WINDOWS\SYSTEM32;C:\WINDOWS\WinSxS\amd64_microsoft.windows.common-controls_6595b64144ccf1df_6.0.26100.8457_none_3e0b2faee331e92d;C:\Users\lemos\.jdks\ms-17.0.18\bin\server

VM Arguments:
jvm_args: -agentlib:jdwp=transport=dt_socket,address=127.0.0.1:53602,suspend=y,server=n -javaagent:C:\Users\lemos\AppData\Local\JetBrains\IntelliJIdea2025.3\captureAgent\debugger-agent.jar=file:///C:/Users/lemos/AppData/Local/Temp/capture18281327168470553239.props -Dkotlinx.coroutines.debug.enable.creation.stack.trace=false -Ddebugger.agent.enable.coroutines=true -Dkotlinx.coroutines.debug.enable.flows.stack.trace=true -Dkotlinx.coroutines.debug.enable.mutable.state.flows.stack.trace=true -Ddebugger.async.stack.trace.for.all.threads=true -Dfile.encoding=UTF-8 
java_command: br.com.digidatasistemas.starterPackage.StarterPackageApplication
java_class_path (initial): C:\Desenvolvimento API's\gestaoescolar\gestao-escolar\target\classes;C:\Users\lemos\.m2\repository\org\springframework\boot\spring-boot-starter-data-jpa\3.5.6\spring-boot-starter-data-jpa-3.5.6.jar;C:\Users\lemos\.m2\repository\org\springframework\boot\spring-boot-starter\3.5.6\spring-boot-starter-3.5.6.jar;C:\Users\lemos\.m2\repository\org\springframework\boot\spring-boot\3.5.6\spring-boot-3.5.6.jar;C:\Users\lemos\.m2\repository\org\springframework\boot\spring-boot-autoconfigure\3.5.6\spring-boot-autoconfigure-3.5.6.jar;C:\Users\lemos\.m2\repository\org\springframework\boot\spring-boot-starter-logging\3.5.6\spring-boot-starter-logging-3.5.6.jar;C:\Users\lemos\.m2\repository\ch\qos\logback\logback-classic\1.5.18\logback-classic-1.5.18.jar;C:\Users\lemos\.m2\repository\ch\qos\logback\logback-core\1.5.18\logback-core-1.5.18.jar;C:\Users\lemos\.m2\repository\org\apache\logging\log4j\log4j-to-slf4j\2.24.3\log4j-to-slf4j-2.24.3.jar;C:\Users\lemos\.m2\repository\org\apache\logging\log4j\log4j-api\2.24.3\log4j-api-2.24.3.jar;C:\Users\lemos\.m2\repository\org\slf4j\jul-to-slf4j\2.0.17\jul-to-slf4j-2.0.17.jar;C:\Users\lemos\.m2\repository\jakarta\annotation\jakarta.annotation-api\2.1.1\jakarta.annotation-api-2.1.1.jar;C:\Users\lemos\.m2\repository\org\yaml\snakeyaml\2.4\snakeyaml-2.4.jar;C:\Users\lemos\.m2\repository\org\springframework\boot\spring-boot-starter-jdbc\3.5.6\spring-boot-starter-jdbc-3.5.6.jar;C:\Users\lemos\.m2\repository\com\zaxxer\HikariCP\6.3.3\HikariCP-6.3.3.jar;C:\Users\lemos\.m2\repository\org\springframework\spring-jdbc\6.2.11\spring-jdbc-6.2.11.jar;C:\Users\lemos\.m2\repository\org\hibernate\orm\hibernate-core\6.6.29.Final\hibernate-core-6.6.29.Final.jar;C:\Users\lemos\.m2\repository\jakarta\persistence\jakarta.persistence-api\3.1.0\jakarta.persistence-api-3.1.0.jar;C:\Users\lemos\.m2\repository\jakarta\transaction\jakarta.transaction-api\2.0.1\jakarta.transaction-api-2.0.1.jar;C:\Users\lemos\.m2\repository\org\jboss\logging
Launcher Type: SUN_STANDARD

[Global flags]
     intx CICompilerCount                          = 4                                         {product} {ergonomic}
     uint ConcGCThreads                            = 2                                         {product} {ergonomic}
     uint G1ConcRefinementThreads                  = 8                                         {product} {ergonomic}
   size_t G1HeapRegionSize                         = 1048576                                   {product} {ergonomic}
    uintx GCDrainStackTargetSize                   = 64                                        {product} {ergonomic}
   size_t InitialHeapSize                          = 132120576                                 {product} {ergonomic}
   size_t MarkStackSize                            = 4194304                                   {product} {ergonomic}
   size_t MaxHeapSize                              = 2086666240                                {product} {ergonomic}
   size_t MinHeapDeltaBytes                        = 1048576                                   {product} {ergonomic}
   size_t MinHeapSize                              = 8388608                                   {product} {ergonomic}
    uintx NonNMethodCodeHeapSize                   = 5839372                                {pd product} {ergonomic}
    uintx NonProfiledCodeHeapSize                  = 122909434                              {pd product} {ergonomic}
    uintx ProfiledCodeHeapSize                     = 122909434                              {pd product} {ergonomic}
    uintx ReservedCodeCacheSize                    = 251658240                              {pd product} {ergonomic}
     bool SegmentedCodeCache                       = true                                      {product} {ergonomic}
   size_t SoftMaxHeapSize                          = 2086666240                             {manageable} {ergonomic}
     bool UseCompressedClassPointers               = true                           {product lp64_product} {ergonomic}
     bool UseCompressedOops                        = true                           {product lp64_product} {ergonomic}
     bool UseG1GC                                  = true                                      {product} {ergonomic}
     bool UseLargePagesIndividualAllocation        = false                                  {pd product} {ergonomic}

Logging:
Log output configuration:
 #0: stdout all=warning uptime,level,tags
 #1: stderr all=off uptime,level,tags

Environment Variables:
PATH=C:\Program Files\Common Files\Oracle\Java\javapath;C:\WINDOWS\system32;C:\WINDOWS;C:\WINDOWS\System32\Wbem;C:\WINDOWS\System32\WindowsPowerShell\v1.0\;C:\WINDOWS\System32\OpenSSH\;C:\Program Files\Git\cmd;C:\Program Files\nodejs\;C:\Program Files\dotnet\;C:\Users\lemos\AppData\Local\Microsoft\WindowsApps;C:\Users\lemos\AppData\Local\Programs\Microsoft VS Code\bin;C:\Program Files\JetBrains\IntelliJ IDEA 2025.3.4\bin;C:\Users\lemos\AppData\Roaming\npm;
USERNAME=lemos
OS=Windows_NT
PROCESSOR_IDENTIFIER=Intel64 Family 6 Model 126 Stepping 5, GenuineIntel
TMP=C:\Users\lemos\AppData\Local\Temp
TEMP=C:\Users\lemos\AppData\Local\Temp



Periodic native trim disabled


---------------  S Y S T E M  ---------------

OS:
 Windows 11 , 64 bit Build 26100 (10.0.26100.8328)
OS uptime: 22 days 9:28 hours
Hyper-V role detected

CPU: total 8 (initial active 8) (4 cores per cpu, 2 threads per core) family 6 model 126 stepping 5 microcode 0xcc, cx8, cmov, fxsr, ht, mmx, 3dnowpref, sse, sse2, sse3, ssse3, sse4.1, sse4.2, popcnt, lzcnt, tsc, tscinvbit, avx, avx2, aes, erms, clmul, bmi1, bmi2, adx, avx512f, avx512dq, avx512cd, avx512bw, avx512vl, sha, fma, vzeroupper, avx512_vpopcntdq, avx512_vpclmulqdq, avx512_vaes, avx512_vnni, clflush, clflushopt, avx512_vbmi2, avx512_vbmi, hv
Processor Information for the first 8 processors :
  Max Mhz: 1190, Current Mhz: 991, Mhz Limit: 987

Memory: 4k page, system-wide physical 7958M (495M free)
TotalPageFile size 32534M (AvailPageFile size 4M)
current process WorkingSet (physical memory assigned to process): 12M, peak: 12M
current process commit charge ("private bytes"): 60M, peak: 186M

vm_info: OpenJDK 64-Bit Server VM (17.0.18+8-LTS) for windows-amd64 JRE (17.0.18+8-LTS), built on Jan 15 2026 18:50:45 by "MicrosoftCorporation" with MS VC++ 17.14 (VS2022)

END.
